2025-08-26T20:00:53.300943Z 0 [Warning] [MY-010097] [Server] Insecure configuration for --secure-file-priv: Current value does not restrict location of generated files. Consider setting it to a valid, non-empty path.
2025-08-26T20:00:53.301048Z 0 [Warning] [MY-010918] [Server] 'default_authentication_plugin' is deprecated and will be removed in a future release. Please use authentication_policy instead.
2025-08-26T20:00:53.301082Z 0 [System] [MY-010116] [Server] C:\laragon\bin\mysql\mysql-8.0.30-winx64\bin\mysqld (mysqld 8.0.30) starting as process 64344
2025-08-26T20:00:53.377734Z 1 [System] [MY-013576] [InnoDB] InnoDB initialization has started.
2025-08-26T20:00:53.775459Z 1 [System] [MY-013577] [InnoDB] InnoDB initialization has ended.
2025-08-26T20:00:54.384375Z 0 [Warning] [MY-013829] [Server] Missing data directory for ICU regular expressions: C:\laragon\bin\mysql\mysql-8.0.30-winx64\lib\private\.
2025-08-26T20:00:54.393568Z 0 [Warning] [MY-010068] [Server] CA certificate ca.pem is self signed.
2025-08-26T20:00:54.394958Z 0 [System] [MY-013602] [Server] Channel mysql_main configured to support TLS. Encrypted connections are now supported for this channel.
2025-08-26T20:00:54.467076Z 0 [System] [MY-011323] [Server] X Plugin ready for connections. Bind-address: '::' port: 33060
2025-08-26T20:00:54.467427Z 0 [System] [MY-010931] [Server] C:\laragon\bin\mysql\mysql-8.0.30-winx64\bin\mysqld: ready for connections. Version: '8.0.30'  socket: ''  port: 3306  MySQL Community Server - GPL.
2025-08-29T16:40:20.517360Z 0 [Warning] [MY-010097] [Server] Insecure configuration for --secure-file-priv: Current value does not restrict location of generated files. Consider setting it to a valid, non-empty path.
2025-08-29T16:40:20.517459Z 0 [Warning] [MY-010918] [Server] 'default_authentication_plugin' is deprecated and will be removed in a future release. Please use authentication_policy instead.
2025-08-29T16:40:20.517506Z 0 [System] [MY-010116] [Server] C:\laragon\bin\mysql\mysql-8.0.30-winx64\bin\mysqld (mysqld 8.0.30) starting as process 1740
2025-08-29T16:40:20.606555Z 1 [System] [MY-013576] [InnoDB] InnoDB initialization has started.
2025-08-29T16:40:21.296766Z 1 [System] [MY-013577] [InnoDB] InnoDB initialization has ended.
2025-08-29T16:40:21.644374Z 0 [System] [MY-010229] [Server] Starting XA crash recovery...
2025-08-29T16:40:21.650525Z 0 [System] [MY-010232] [Server] XA crash recovery finished.
2025-08-29T16:40:21.709021Z 0 [Warning] [MY-013829] [Server] Missing data directory for ICU regular expressions: C:\laragon\bin\mysql\mysql-8.0.30-winx64\lib\private\.
2025-08-29T16:40:21.745455Z 0 [Warning] [MY-010068] [Server] CA certificate ca.pem is self signed.
2025-08-29T16:40:21.746005Z 0 [System] [MY-013602] [Server] Channel mysql_main configured to support TLS. Encrypted connections are now supported for this channel.
2025-08-29T16:40:21.827080Z 0 [System] [MY-011323] [Server] X Plugin ready for connections. Bind-address: '::' port: 33060
2025-08-29T16:40:21.827328Z 0 [System] [MY-010931] [Server] C:\laragon\bin\mysql\mysql-8.0.30-winx64\bin\mysqld: ready for connections. Version: '8.0.30'  socket: ''  port: 3306  MySQL Community Server - GPL.
2025-08-29T18:21:25.599399Z 12 [System] [MY-013172] [Server] Received SHUTDOWN from user root. Shutting down mysqld (Version: 8.0.30).
2025-08-29T18:21:25.602736Z 0 [System] [MY-013105] [Server] C:\laragon\bin\mysql\mysql-8.0.30-winx64\bin\mysqld: Normal shutdown.
2025-08-29T18:21:26.184479Z 0 [System] [MY-010910] [Server] C:\laragon\bin\mysql\mysql-8.0.30-winx64\bin\mysqld: Shutdown complete (mysqld 8.0.30)  MySQL Community Server - GPL.
2025-09-02T18:27:43.583071Z 0 [Warning] [MY-010097] [Server] Insecure configuration for --secure-file-priv: Current value does not restrict location of generated files. Consider setting it to a valid, non-empty path.
2025-09-02T18:27:43.583936Z 0 [Warning] [MY-010918] [Server] 'default_authentication_plugin' is deprecated and will be removed in a future release. Please use authentication_policy instead.
2025-09-02T18:27:43.583978Z 0 [System] [MY-010116] [Server] C:\laragon\bin\mysql\mysql-8.0.30-winx64\bin\mysqld (mysqld 8.0.30) starting as process 35692
2025-09-02T18:27:43.702760Z 1 [System] [MY-013576] [InnoDB] InnoDB initialization has started.
2025-09-02T18:27:44.240905Z 1 [System] [MY-013577] [InnoDB] InnoDB initialization has ended.
2025-09-02T18:27:44.711801Z 0 [Warning] [MY-013829] [Server] Missing data directory for ICU regular expressions: C:\laragon\bin\mysql\mysql-8.0.30-winx64\lib\private\.
2025-09-02T18:27:44.754307Z 0 [Warning] [MY-010068] [Server] CA certificate ca.pem is self signed.
2025-09-02T18:27:44.754836Z 0 [System] [MY-013602] [Server] Channel mysql_main configured to support TLS. Encrypted connections are now supported for this channel.
2025-09-02T18:27:44.829552Z 0 [System] [MY-011323] [Server] X Plugin ready for connections. Bind-address: '::' port: 33060
2025-09-02T18:27:44.829673Z 0 [System] [MY-010931] [Server] C:\laragon\bin\mysql\mysql-8.0.30-winx64\bin\mysqld: ready for connections. Version: '8.0.30'  socket: ''  port: 3306  MySQL Community Server - GPL.
2025-09-02T20:21:40.922581Z 92 [System] [MY-013172] [Server] Received SHUTDOWN from user root. Shutting down mysqld (Version: 8.0.30).
2025-09-02T20:21:40.924172Z 0 [System] [MY-013105] [Server] C:\laragon\bin\mysql\mysql-8.0.30-winx64\bin\mysqld: Normal shutdown.
2025-09-02T20:21:41.689111Z 0 [System] [MY-010910] [Server] C:\laragon\bin\mysql\mysql-8.0.30-winx64\bin\mysqld: Shutdown complete (mysqld 8.0.30)  MySQL Community Server - GPL.
2025-09-05T16:33:55.523980Z 0 [Warning] [MY-010097] [Server] Insecure configuration for --secure-file-priv: Current value does not restrict location of generated files. Consider setting it to a valid, non-empty path.
2025-09-05T16:33:55.524839Z 0 [Warning] [MY-010918] [Server] 'default_authentication_plugin' is deprecated and will be removed in a future release. Please use authentication_policy instead.
2025-09-05T16:33:55.524905Z 0 [System] [MY-010116] [Server] C:\laragon\bin\mysql\mysql-8.0.30-winx64\bin\mysqld (mysqld 8.0.30) starting as process 54544
2025-09-05T16:33:55.667599Z 1 [System] [MY-013576] [InnoDB] InnoDB initialization has started.
2025-09-05T16:33:56.367045Z 1 [System] [MY-013577] [InnoDB] InnoDB initialization has ended.
2025-09-05T16:33:57.008889Z 0 [Warning] [MY-013829] [Server] Missing data directory for ICU regular expressions: C:\laragon\bin\mysql\mysql-8.0.30-winx64\lib\private\.
2025-09-05T16:33:57.054241Z 0 [Warning] [MY-010068] [Server] CA certificate ca.pem is self signed.
2025-09-05T16:33:57.055194Z 0 [System] [MY-013602] [Server] Channel mysql_main configured to support TLS. Encrypted connections are now supported for this channel.
2025-09-05T16:33:57.243547Z 0 [System] [MY-011323] [Server] X Plugin ready for connections. Bind-address: '::' port: 33060
2025-09-05T16:33:57.243637Z 0 [System] [MY-010931] [Server] C:\laragon\bin\mysql\mysql-8.0.30-winx64\bin\mysqld: ready for connections. Version: '8.0.30'  socket: ''  port: 3306  MySQL Community Server - GPL.
2025-09-09T18:41:01.911298Z 0 [Warning] [MY-010097] [Server] Insecure configuration for --secure-file-priv: Current value does not restrict location of generated files. Consider setting it to a valid, non-empty path.
2025-09-09T18:41:01.914201Z 0 [Warning] [MY-010918] [Server] 'default_authentication_plugin' is deprecated and will be removed in a future release. Please use authentication_policy instead.
2025-09-09T18:41:01.914575Z 0 [System] [MY-010116] [Server] C:\laragon\bin\mysql\mysql-8.0.30-winx64\bin\mysqld (mysqld 8.0.30) starting as process 61600
2025-09-09T18:41:02.319441Z 1 [System] [MY-013576] [InnoDB] InnoDB initialization has started.
2025-09-09T18:41:04.517715Z 1 [System] [MY-013577] [InnoDB] InnoDB initialization has ended.
2025-09-09T18:41:05.684107Z 0 [System] [MY-010229] [Server] Starting XA crash recovery...
2025-09-09T18:41:05.702966Z 0 [System] [MY-010232] [Server] XA crash recovery finished.
2025-09-09T18:41:05.886963Z 0 [Warning] [MY-013829] [Server] Missing data directory for ICU regular expressions: C:\laragon\bin\mysql\mysql-8.0.30-winx64\lib\private\.
2025-09-09T18:41:05.990880Z 0 [Warning] [MY-010068] [Server] CA certificate ca.pem is self signed.
2025-09-09T18:41:05.992568Z 0 [System] [MY-013602] [Server] Channel mysql_main configured to support TLS. Encrypted connections are now supported for this channel.
2025-09-09T18:41:06.296150Z 0 [System] [MY-011323] [Server] X Plugin ready for connections. Bind-address: '::' port: 33060
2025-09-09T18:41:06.297019Z 0 [System] [MY-010931] [Server] C:\laragon\bin\mysql\mysql-8.0.30-winx64\bin\mysqld: ready for connections. Version: '8.0.30'  socket: ''  port: 3306  MySQL Community Server - GPL.
2025-09-09T20:33:39.388914Z 48 [System] [MY-013172] [Server] Received SHUTDOWN from user root. Shutting down mysqld (Version: 8.0.30).
2025-09-09T20:33:39.393317Z 0 [System] [MY-013105] [Server] C:\laragon\bin\mysql\mysql-8.0.30-winx64\bin\mysqld: Normal shutdown.
2025-09-09T20:33:40.391919Z 0 [System] [MY-010910] [Server] C:\laragon\bin\mysql\mysql-8.0.30-winx64\bin\mysqld: Shutdown complete (mysqld 8.0.30)  MySQL Community Server - GPL.
2025-09-10T20:46:56.879423Z 0 [Warning] [MY-010097] [Server] Insecure configuration for --secure-file-priv: Current value does not restrict location of generated files. Consider setting it to a valid, non-empty path.
2025-09-10T20:46:56.880875Z 0 [Warning] [MY-010918] [Server] 'default_authentication_plugin' is deprecated and will be removed in a future release. Please use authentication_policy instead.
2025-09-10T20:46:56.880915Z 0 [System] [MY-010116] [Server] C:\laragon\bin\mysql\mysql-8.0.30-winx64\bin\mysqld (mysqld 8.0.30) starting as process 63580
2025-09-10T20:46:57.044262Z 1 [System] [MY-013576] [InnoDB] InnoDB initialization has started.
2025-09-10T20:46:57.881104Z 1 [System] [MY-013577] [InnoDB] InnoDB initialization has ended.
2025-09-10T20:46:58.644560Z 0 [Warning] [MY-013829] [Server] Missing data directory for ICU regular expressions: C:\laragon\bin\mysql\mysql-8.0.30-winx64\lib\private\.
2025-09-10T20:46:58.686314Z 0 [Warning] [MY-010068] [Server] CA certificate ca.pem is self signed.
2025-09-10T20:46:58.687078Z 0 [System] [MY-013602] [Server] Channel mysql_main configured to support TLS. Encrypted connections are now supported for this channel.
2025-09-10T20:46:59.024928Z 0 [System] [MY-011323] [Server] X Plugin ready for connections. Bind-address: '::' port: 33060
2025-09-10T20:46:59.025095Z 0 [System] [MY-010931] [Server] C:\laragon\bin\mysql\mysql-8.0.30-winx64\bin\mysqld: ready for connections. Version: '8.0.30'  socket: ''  port: 3306  MySQL Community Server - GPL.
2025-09-10T21:54:34.495457Z 24 [System] [MY-013172] [Server] Received SHUTDOWN from user root. Shutting down mysqld (Version: 8.0.30).
2025-09-10T21:54:34.500243Z 0 [System] [MY-013105] [Server] C:\laragon\bin\mysql\mysql-8.0.30-winx64\bin\mysqld: Normal shutdown.
2025-09-10T21:54:35.519616Z 0 [System] [MY-010910] [Server] C:\laragon\bin\mysql\mysql-8.0.30-winx64\bin\mysqld: Shutdown complete (mysqld 8.0.30)  MySQL Community Server - GPL.
2025-09-11T17:26:13.745769Z 0 [Warning] [MY-010097] [Server] Insecure configuration for --secure-file-priv: Current value does not restrict location of generated files. Consider setting it to a valid, non-empty path.
2025-09-11T17:26:13.747393Z 0 [Warning] [MY-010918] [Server] 'default_authentication_plugin' is deprecated and will be removed in a future release. Please use authentication_policy instead.
2025-09-11T17:26:13.747592Z 0 [System] [MY-010116] [Server] C:\laragon\bin\mysql\mysql-8.0.30-winx64\bin\mysqld (mysqld 8.0.30) starting as process 66932
2025-09-11T17:26:13.943467Z 1 [System] [MY-013576] [InnoDB] InnoDB initialization has started.
2025-09-11T17:26:14.839101Z 1 [System] [MY-013577] [InnoDB] InnoDB initialization has ended.
2025-09-11T17:26:15.518795Z 0 [Warning] [MY-013829] [Server] Missing data directory for ICU regular expressions: C:\laragon\bin\mysql\mysql-8.0.30-winx64\lib\private\.
2025-09-11T17:26:15.579123Z 0 [Warning] [MY-010068] [Server] CA certificate ca.pem is self signed.
2025-09-11T17:26:15.580282Z 0 [System] [MY-013602] [Server] Channel mysql_main configured to support TLS. Encrypted connections are now supported for this channel.
2025-09-11T17:26:15.727605Z 0 [System] [MY-011323] [Server] X Plugin ready for connections. Bind-address: '::' port: 33060
2025-09-11T17:26:15.727749Z 0 [System] [MY-010931] [Server] C:\laragon\bin\mysql\mysql-8.0.30-winx64\bin\mysqld: ready for connections. Version: '8.0.30'  socket: ''  port: 3306  MySQL Community Server - GPL.
2025-09-11T20:57:35.710251Z 0 [Warning] [MY-010097] [Server] Insecure configuration for --secure-file-priv: Current value does not restrict location of generated files. Consider setting it to a valid, non-empty path.
2025-09-11T20:57:35.712623Z 0 [Warning] [MY-010918] [Server] 'default_authentication_plugin' is deprecated and will be removed in a future release. Please use authentication_policy instead.
2025-09-11T20:57:35.712871Z 0 [System] [MY-010116] [Server] C:\laragon\bin\mysql\mysql-8.0.30-winx64\bin\mysqld (mysqld 8.0.30) starting as process 74056
2025-09-11T20:57:35.836652Z 1 [System] [MY-013576] [InnoDB] InnoDB initialization has started.
2025-09-11T20:57:36.557047Z 1 [System] [MY-013577] [InnoDB] InnoDB initialization has ended.
2025-09-11T20:57:36.940608Z 0 [System] [MY-010229] [Server] Starting XA crash recovery...
2025-09-11T20:57:36.951328Z 0 [System] [MY-010232] [Server] XA crash recovery finished.
2025-09-11T20:57:37.010617Z 0 [Warning] [MY-013829] [Server] Missing data directory for ICU regular expressions: C:\laragon\bin\mysql\mysql-8.0.30-winx64\lib\private\.
2025-09-11T20:57:37.051698Z 0 [Warning] [MY-010068] [Server] CA certificate ca.pem is self signed.
2025-09-11T20:57:37.052253Z 0 [System] [MY-013602] [Server] Channel mysql_main configured to support TLS. Encrypted connections are now supported for this channel.
2025-09-11T20:57:37.214164Z 0 [System] [MY-011323] [Server] X Plugin ready for connections. Bind-address: '::' port: 33060
2025-09-11T20:57:37.214221Z 0 [System] [MY-010931] [Server] C:\laragon\bin\mysql\mysql-8.0.30-winx64\bin\mysqld: ready for connections. Version: '8.0.30'  socket: ''  port: 3306  MySQL Community Server - GPL.
2025-09-12T16:38:43.144273Z 0 [Warning] [MY-010097] [Server] Insecure configuration for --secure-file-priv: Current value does not restrict location of generated files. Consider setting it to a valid, non-empty path.
2025-09-12T16:38:43.144955Z 0 [Warning] [MY-010918] [Server] 'default_authentication_plugin' is deprecated and will be removed in a future release. Please use authentication_policy instead.
2025-09-12T16:38:43.145023Z 0 [System] [MY-010116] [Server] C:\laragon\bin\mysql\mysql-8.0.30-winx64\bin\mysqld (mysqld 8.0.30) starting as process 9224
2025-09-12T16:38:43.295794Z 1 [System] [MY-013576] [InnoDB] InnoDB initialization has started.
2025-09-12T16:38:44.297730Z 1 [System] [MY-013577] [InnoDB] InnoDB initialization has ended.
2025-09-12T16:38:44.741911Z 0 [System] [MY-010229] [Server] Starting XA crash recovery...
2025-09-12T16:38:44.752034Z 0 [System] [MY-010232] [Server] XA crash recovery finished.
2025-09-12T16:38:44.826101Z 0 [Warning] [MY-013829] [Server] Missing data directory for ICU regular expressions: C:\laragon\bin\mysql\mysql-8.0.30-winx64\lib\private\.
2025-09-12T16:38:44.880471Z 0 [Warning] [MY-010068] [Server] CA certificate ca.pem is self signed.
2025-09-12T16:38:44.881238Z 0 [System] [MY-013602] [Server] Channel mysql_main configured to support TLS. Encrypted connections are now supported for this channel.
2025-09-12T16:38:45.072682Z 0 [System] [MY-011323] [Server] X Plugin ready for connections. Bind-address: '::' port: 33060
2025-09-12T16:38:45.072887Z 0 [System] [MY-010931] [Server] C:\laragon\bin\mysql\mysql-8.0.30-winx64\bin\mysqld: ready for connections. Version: '8.0.30'  socket: ''  port: 3306  MySQL Community Server - GPL.
2025-09-12T18:20:51.797126Z 31 [System] [MY-013172] [Server] Received SHUTDOWN from user root. Shutting down mysqld (Version: 8.0.30).
2025-09-12T18:20:51.798718Z 0 [System] [MY-013105] [Server] C:\laragon\bin\mysql\mysql-8.0.30-winx64\bin\mysqld: Normal shutdown.
2025-09-12T18:20:52.342288Z 0 [System] [MY-010910] [Server] C:\laragon\bin\mysql\mysql-8.0.30-winx64\bin\mysqld: Shutdown complete (mysqld 8.0.30)  MySQL Community Server - GPL.
2025-09-16T18:57:49.803534Z 0 [Warning] [MY-010097] [Server] Insecure configuration for --secure-file-priv: Current value does not restrict location of generated files. Consider setting it to a valid, non-empty path.
2025-09-16T18:57:49.804569Z 0 [Warning] [MY-010918] [Server] 'default_authentication_plugin' is deprecated and will be removed in a future release. Please use authentication_policy instead.
2025-09-16T18:57:49.804621Z 0 [System] [MY-010116] [Server] C:\laragon\bin\mysql\mysql-8.0.30-winx64\bin\mysqld (mysqld 8.0.30) starting as process 36660
2025-09-16T18:57:49.988559Z 1 [System] [MY-013576] [InnoDB] InnoDB initialization has started.
2025-09-16T18:57:50.713708Z 1 [System] [MY-013577] [InnoDB] InnoDB initialization has ended.
2025-09-16T18:57:51.317755Z 0 [Warning] [MY-013829] [Server] Missing data directory for ICU regular expressions: C:\laragon\bin\mysql\mysql-8.0.30-winx64\lib\private\.
2025-09-16T18:57:51.381325Z 0 [Warning] [MY-010068] [Server] CA certificate ca.pem is self signed.
2025-09-16T18:57:51.381956Z 0 [System] [MY-013602] [Server] Channel mysql_main configured to support TLS. Encrypted connections are now supported for this channel.
2025-09-16T18:57:51.505989Z 0 [System] [MY-011323] [Server] X Plugin ready for connections. Bind-address: '::' port: 33060
2025-09-16T18:57:51.506071Z 0 [System] [MY-010931] [Server] C:\laragon\bin\mysql\mysql-8.0.30-winx64\bin\mysqld: ready for connections. Version: '8.0.30'  socket: ''  port: 3306  MySQL Community Server - GPL.
2025-09-18T16:43:55.112654Z 0 [Warning] [MY-010097] [Server] Insecure configuration for --secure-file-priv: Current value does not restrict location of generated files. Consider setting it to a valid, non-empty path.
2025-09-18T16:43:55.113994Z 0 [Warning] [MY-010918] [Server] 'default_authentication_plugin' is deprecated and will be removed in a future release. Please use authentication_policy instead.
2025-09-18T16:43:55.114050Z 0 [System] [MY-010116] [Server] C:\laragon\bin\mysql\mysql-8.0.30-winx64\bin\mysqld (mysqld 8.0.30) starting as process 14236
2025-09-18T16:43:55.313249Z 1 [System] [MY-013576] [InnoDB] InnoDB initialization has started.
2025-09-18T16:43:56.717812Z 1 [System] [MY-013577] [InnoDB] InnoDB initialization has ended.
2025-09-18T16:43:57.341525Z 0 [System] [MY-010229] [Server] Starting XA crash recovery...
2025-09-18T16:43:57.352869Z 0 [System] [MY-010232] [Server] XA crash recovery finished.
2025-09-18T16:43:57.442795Z 0 [Warning] [MY-013829] [Server] Missing data directory for ICU regular expressions: C:\laragon\bin\mysql\mysql-8.0.30-winx64\lib\private\.
2025-09-18T16:43:57.533724Z 0 [Warning] [MY-010068] [Server] CA certificate ca.pem is self signed.
2025-09-18T16:43:57.535125Z 0 [System] [MY-013602] [Server] Channel mysql_main configured to support TLS. Encrypted connections are now supported for this channel.
2025-09-18T16:43:57.712111Z 0 [System] [MY-011323] [Server] X Plugin ready for connections. Bind-address: '::' port: 33060
2025-09-18T16:43:57.712428Z 0 [System] [MY-010931] [Server] C:\laragon\bin\mysql\mysql-8.0.30-winx64\bin\mysqld: ready for connections. Version: '8.0.30'  socket: ''  port: 3306  MySQL Community Server - GPL.
2025-09-18T17:50:32.712102Z 57 [System] [MY-013172] [Server] Received SHUTDOWN from user root. Shutting down mysqld (Version: 8.0.30).
2025-09-18T17:50:32.715403Z 0 [System] [MY-013105] [Server] C:\laragon\bin\mysql\mysql-8.0.30-winx64\bin\mysqld: Normal shutdown.
2025-09-18T17:50:33.538278Z 0 [System] [MY-010910] [Server] C:\laragon\bin\mysql\mysql-8.0.30-winx64\bin\mysqld: Shutdown complete (mysqld 8.0.30)  MySQL Community Server - GPL.
2025-09-23T18:38:45.078390Z 0 [Warning] [MY-010097] [Server] Insecure configuration for --secure-file-priv: Current value does not restrict location of generated files. Consider setting it to a valid, non-empty path.
2025-09-23T18:38:45.079902Z 0 [Warning] [MY-010918] [Server] 'default_authentication_plugin' is deprecated and will be removed in a future release. Please use authentication_policy instead.
2025-09-23T18:38:45.079959Z 0 [System] [MY-010116] [Server] C:\laragon\bin\mysql\mysql-8.0.30-winx64\bin\mysqld (mysqld 8.0.30) starting as process 33188
2025-09-23T18:38:45.221553Z 1 [System] [MY-013576] [InnoDB] InnoDB initialization has started.
2025-09-23T18:38:45.877333Z 1 [System] [MY-013577] [InnoDB] InnoDB initialization has ended.
2025-09-23T18:38:46.519195Z 0 [Warning] [MY-013829] [Server] Missing data directory for ICU regular expressions: C:\laragon\bin\mysql\mysql-8.0.30-winx64\lib\private\.
2025-09-23T18:38:46.579141Z 0 [Warning] [MY-010068] [Server] CA certificate ca.pem is self signed.
2025-09-23T18:38:46.580049Z 0 [System] [MY-013602] [Server] Channel mysql_main configured to support TLS. Encrypted connections are now supported for this channel.
2025-09-23T18:38:46.772544Z 0 [System] [MY-011323] [Server] X Plugin ready for connections. Bind-address: '::' port: 33060
2025-09-23T18:38:46.772779Z 0 [System] [MY-010931] [Server] C:\laragon\bin\mysql\mysql-8.0.30-winx64\bin\mysqld: ready for connections. Version: '8.0.30'  socket: ''  port: 3306  MySQL Community Server - GPL.
2025-09-26T14:21:31.370722Z 0 [Warning] [MY-010097] [Server] Insecure configuration for --secure-file-priv: Current value does not restrict location of generated files. Consider setting it to a valid, non-empty path.
2025-09-26T14:21:31.372177Z 0 [Warning] [MY-010918] [Server] 'default_authentication_plugin' is deprecated and will be removed in a future release. Please use authentication_policy instead.
2025-09-26T14:21:31.372212Z 0 [System] [MY-010116] [Server] C:\laragon\bin\mysql\mysql-8.0.30-winx64\bin\mysqld (mysqld 8.0.30) starting as process 55232
2025-09-26T14:21:31.514949Z 1 [System] [MY-013576] [InnoDB] InnoDB initialization has started.
2025-09-26T14:21:32.542740Z 1 [System] [MY-013577] [InnoDB] InnoDB initialization has ended.
2025-09-26T14:21:32.896911Z 0 [System] [MY-010229] [Server] Starting XA crash recovery...
2025-09-26T14:21:32.903850Z 0 [System] [MY-010232] [Server] XA crash recovery finished.
2025-09-26T14:21:32.954845Z 0 [Warning] [MY-013829] [Server] Missing data directory for ICU regular expressions: C:\laragon\bin\mysql\mysql-8.0.30-winx64\lib\private\.
2025-09-26T14:21:33.021762Z 0 [Warning] [MY-010068] [Server] CA certificate ca.pem is self signed.
2025-09-26T14:21:33.022407Z 0 [System] [MY-013602] [Server] Channel mysql_main configured to support TLS. Encrypted connections are now supported for this channel.
2025-09-26T14:21:33.198842Z 0 [System] [MY-011323] [Server] X Plugin ready for connections. Bind-address: '::' port: 33060
2025-09-26T14:21:33.199089Z 0 [System] [MY-010931] [Server] C:\laragon\bin\mysql\mysql-8.0.30-winx64\bin\mysqld: ready for connections. Version: '8.0.30'  socket: ''  port: 3306  MySQL Community Server - GPL.
2025-09-26T16:40:20.721019Z 0 [Warning] [MY-010097] [Server] Insecure configuration for --secure-file-priv: Current value does not restrict location of generated files. Consider setting it to a valid, non-empty path.
2025-09-26T16:40:20.722767Z 0 [Warning] [MY-010918] [Server] 'default_authentication_plugin' is deprecated and will be removed in a future release. Please use authentication_policy instead.
2025-09-26T16:40:20.722833Z 0 [System] [MY-010116] [Server] C:\laragon\bin\mysql\mysql-8.0.30-winx64\bin\mysqld (mysqld 8.0.30) starting as process 67460
2025-09-26T16:40:20.949895Z 1 [System] [MY-013576] [InnoDB] InnoDB initialization has started.
2025-09-26T16:40:22.171238Z 1 [System] [MY-013577] [InnoDB] InnoDB initialization has ended.
2025-09-26T16:40:22.661443Z 0 [System] [MY-010229] [Server] Starting XA crash recovery...
2025-09-26T16:40:22.673962Z 0 [System] [MY-010232] [Server] XA crash recovery finished.
2025-09-26T16:40:22.748071Z 0 [Warning] [MY-013829] [Server] Missing data directory for ICU regular expressions: C:\laragon\bin\mysql\mysql-8.0.30-winx64\lib\private\.
2025-09-26T16:40:22.805899Z 0 [Warning] [MY-010068] [Server] CA certificate ca.pem is self signed.
2025-09-26T16:40:22.808147Z 0 [System] [MY-013602] [Server] Channel mysql_main configured to support TLS. Encrypted connections are now supported for this channel.
2025-09-26T16:40:22.996281Z 0 [System] [MY-010931] [Server] C:\laragon\bin\mysql\mysql-8.0.30-winx64\bin\mysqld: ready for connections. Version: '8.0.30'  socket: ''  port: 3306  MySQL Community Server - GPL.
2025-09-26T16:40:22.996410Z 0 [System] [MY-011323] [Server] X Plugin ready for connections. Bind-address: '::' port: 33060
2025-09-29T22:49:14.768909Z 0 [Warning] [MY-010097] [Server] Insecure configuration for --secure-file-priv: Current value does not restrict location of generated files. Consider setting it to a valid, non-empty path.
2025-09-29T22:49:14.770763Z 0 [Warning] [MY-010918] [Server] 'default_authentication_plugin' is deprecated and will be removed in a future release. Please use authentication_policy instead.
2025-09-29T22:49:14.770948Z 0 [System] [MY-010116] [Server] C:\laragon\bin\mysql\mysql-8.0.30-winx64\bin\mysqld (mysqld 8.0.30) starting as process 71524
2025-09-29T22:49:14.923812Z 1 [System] [MY-013576] [InnoDB] InnoDB initialization has started.
2025-09-29T22:49:16.120631Z 1 [System] [MY-013577] [InnoDB] InnoDB initialization has ended.
2025-09-29T22:49:16.487240Z 0 [System] [MY-010229] [Server] Starting XA crash recovery...
2025-09-29T22:49:16.498998Z 0 [System] [MY-010232] [Server] XA crash recovery finished.
2025-09-29T22:49:16.553643Z 0 [Warning] [MY-013829] [Server] Missing data directory for ICU regular expressions: C:\laragon\bin\mysql\mysql-8.0.30-winx64\lib\private\.
2025-09-29T22:49:16.652658Z 0 [Warning] [MY-010068] [Server] CA certificate ca.pem is self signed.
2025-09-29T22:49:16.653322Z 0 [System] [MY-013602] [Server] Channel mysql_main configured to support TLS. Encrypted connections are now supported for this channel.
2025-09-29T22:49:16.806218Z 0 [System] [MY-011323] [Server] X Plugin ready for connections. Bind-address: '::' port: 33060
2025-09-29T22:49:16.806257Z 0 [System] [MY-010931] [Server] C:\laragon\bin\mysql\mysql-8.0.30-winx64\bin\mysqld: ready for connections. Version: '8.0.30'  socket: ''  port: 3306  MySQL Community Server - GPL.
2025-09-30T18:41:56.884978Z 0 [Warning] [MY-010097] [Server] Insecure configuration for --secure-file-priv: Current value does not restrict location of generated files. Consider setting it to a valid, non-empty path.
2025-09-30T18:41:56.886439Z 0 [Warning] [MY-010918] [Server] 'default_authentication_plugin' is deprecated and will be removed in a future release. Please use authentication_policy instead.
2025-09-30T18:41:56.886483Z 0 [System] [MY-010116] [Server] C:\laragon\bin\mysql\mysql-8.0.30-winx64\bin\mysqld (mysqld 8.0.30) starting as process 62352
2025-09-30T18:41:57.018670Z 1 [System] [MY-013576] [InnoDB] InnoDB initialization has started.
2025-09-30T18:41:58.329154Z 1 [System] [MY-013577] [InnoDB] InnoDB initialization has ended.
2025-09-30T18:41:58.873967Z 0 [System] [MY-010229] [Server] Starting XA crash recovery...
2025-09-30T18:41:58.887769Z 0 [System] [MY-010232] [Server] XA crash recovery finished.
2025-09-30T18:41:58.970812Z 0 [Warning] [MY-013829] [Server] Missing data directory for ICU regular expressions: C:\laragon\bin\mysql\mysql-8.0.30-winx64\lib\private\.
2025-09-30T18:41:59.010579Z 0 [Warning] [MY-010068] [Server] CA certificate ca.pem is self signed.
2025-09-30T18:41:59.011790Z 0 [System] [MY-013602] [Server] Channel mysql_main configured to support TLS. Encrypted connections are now supported for this channel.
2025-09-30T18:41:59.210566Z 0 [System] [MY-011323] [Server] X Plugin ready for connections. Bind-address: '::' port: 33060
2025-09-30T18:41:59.210720Z 0 [System] [MY-010931] [Server] C:\laragon\bin\mysql\mysql-8.0.30-winx64\bin\mysqld: ready for connections. Version: '8.0.30'  socket: ''  port: 3306  MySQL Community Server - GPL.
2025-09-30T19:53:15.540689Z 21 [System] [MY-013172] [Server] Received SHUTDOWN from user root. Shutting down mysqld (Version: 8.0.30).
2025-09-30T19:53:15.545885Z 0 [System] [MY-013105] [Server] C:\laragon\bin\mysql\mysql-8.0.30-winx64\bin\mysqld: Normal shutdown.
2025-09-30T19:53:17.553784Z 0 [Warning] [MY-010909] [Server] C:\laragon\bin\mysql\mysql-8.0.30-winx64\bin\mysqld: Forcing close of thread 17  user: 'root'.
2025-09-30T19:53:19.015816Z 0 [System] [MY-010910] [Server] C:\laragon\bin\mysql\mysql-8.0.30-winx64\bin\mysqld: Shutdown complete (mysqld 8.0.30)  MySQL Community Server - GPL.
2025-10-03T17:16:40.827180Z 0 [Warning] [MY-010097] [Server] Insecure configuration for --secure-file-priv: Current value does not restrict location of generated files. Consider setting it to a valid, non-empty path.
2025-10-03T17:16:40.828952Z 0 [Warning] [MY-010918] [Server] 'default_authentication_plugin' is deprecated and will be removed in a future release. Please use authentication_policy instead.
2025-10-03T17:16:40.829155Z 0 [System] [MY-010116] [Server] C:\laragon\bin\mysql\mysql-8.0.30-winx64\bin\mysqld (mysqld 8.0.30) starting as process 81052
2025-10-03T17:16:41.048896Z 1 [System] [MY-013576] [InnoDB] InnoDB initialization has started.
2025-10-03T17:16:41.829302Z 1 [System] [MY-013577] [InnoDB] InnoDB initialization has ended.
2025-10-03T17:16:42.493722Z 0 [Warning] [MY-013829] [Server] Missing data directory for ICU regular expressions: C:\laragon\bin\mysql\mysql-8.0.30-winx64\lib\private\.
2025-10-03T17:16:42.604051Z 0 [Warning] [MY-010068] [Server] CA certificate ca.pem is self signed.
2025-10-03T17:16:42.605019Z 0 [System] [MY-013602] [Server] Channel mysql_main configured to support TLS. Encrypted connections are now supported for this channel.
2025-10-03T17:16:42.779559Z 0 [System] [MY-011323] [Server] X Plugin ready for connections. Bind-address: '::' port: 33060
2025-10-03T17:16:42.779854Z 0 [System] [MY-010931] [Server] C:\laragon\bin\mysql\mysql-8.0.30-winx64\bin\mysqld: ready for connections. Version: '8.0.30'  socket: ''  port: 3306  MySQL Community Server - GPL.
